Null check operator used on a null value
#0      Element.widget (package:flutter/src/widgets/framework.dart:3666)
#1      Provider._inheritedElementOf (package:provider/src/provider.dart:377)
#2      Provider.of (package:provider/src/provider.dart:327)
#3      ReadContext.read (package:provider/src/provider.dart:683)
#4      _InstanceDetailScreenState.dispose (package:irix/screens/instance_detail_screen.dart:117)
#5      StatefulElement.unmount (package:flutter/src/widgets/framework.dart:6043)
#6      _InactiveElements._unmount (package:flutter/src/widgets/framework.dart:2119)
#7      _InactiveElements._unmount.<anonymous closure> (package:flutter/src/widgets/framework.dart:2117)
#8      RootElement.visitChildren (package:flutter/src/widgets/binding.dart:2045)
#9      _InactiveElements._unmount (package:flutter/src/widgets/framework.dart:2115)
#10     _InactiveElements._unmount.<anonymous closure> (package:flutter/src/widgets/framework.dart:2117)
#11     SingleChildRenderObjectElement.visitChildren (package:flutter/src/widgets/framework.dart:7114)
#12     _InactiveElements._unmount (package:flutter/src/widgets/framework.dart:2115)
#13     _InactiveElements._unmount.<anonymous closure> (package:flutter/src/widgets/framework.dart:2117)
#14     SingleChildRenderObjectElement.visitChildren (package:flutter/src/widgets/framework.dart:7114)
#15     _InactiveElements._unmount (package:flutter/src/widgets/framework.dart:2115)
#16     _InactiveElements._unmount.<anonymous closure> (package:flutter/src/widgets/framework.dart:2117)
#17     RootElement.visitChildren (package:flutter/src/widgets/binding.dart:2045)
#18     _InactiveElements._unmount (package:flutter/src/widgets/framework.dart:2115)
#19     _InactiveElements._unmount.<anonymous closure> (package:flutter/src/widgets/framework.dart:2117)
#20     SingleChildRenderObjectElement.visitChildren (package:flutter/src/widgets/framework.dart:7114)
#21     _InactiveElements._unmount (package:flutter/src/widgets/framework.dart:2115)
#22     _InactiveElements._unmount.<anonymous closure> (package:flutter/src/widgets/framework.dart:2117)
#23     RootElement.visitChildren (package:flutter/src/widgets/binding.dart:2045)
#24     _InactiveElements._unmount (package:flutter/src/widgets/framework.dart:2115)
#25     _InactiveElements._unmount.<anonymous closure> (package:flutter/src/widgets/framework.dart:2117)
#26     RootElement.visitChildren (package:flutter/src/widgets/binding.dart:2045)
#27     _InactiveElements._unmount (package:flutter/src/widgets/framework.dart:2115)
#28     _InactiveElements._unmount.<anonymous closure> (package:flutter/src/widgets/framework.dart:2117)
#29     SingleChildRenderObjectElement.visitChildren (package:flutter/src/widgets/framework.dart:7114)
#30     _InactiveElements._unmount (package:flutter/src/widgets/framework.dart:2115)
#31     _InactiveElements._unmount.<anonymous closure> (package:flutter/src/widgets/framework.dart:2117)
#32     RootElement.visitChildren (package:flutter/src/widgets/binding.dart:2045)
#33     _InactiveElements._unmount (package:flutter/src/widgets/framework.dart:2115)
#34     _InactiveElements._unmount.<anonymous closure> (package:flutter/src/widgets/framework.dart:2117)
#35     SingleChildRenderObjectElement.visitChildren (package:flutter/src/widgets/framework.dart:7114)
#36     _InactiveElements._unmount (package:flutter/src/widgets/framework.dart:2115)
#37     _InactiveElements._unmount.<anonymous closure> (package:flutter/src/widgets/framework.dart:2117)
#38     RootElement.visitChildren (package:flutter/src/widgets/binding.dart:2045)
#39     _InactiveElements._unmount (package:flutter/src/widgets/framework.dart:2115)
#40     _InactiveElements._unmount.<anonymous closure> (package:flutter/src/widgets/framework.dart:2117)
#41     RootElement.visitChildren (package:flutter/src/widgets/binding.dart:2045)
#42     _InactiveElements._unmount (package:flutter/src/widgets/framework.dart:2115)
#43     _InactiveElements._unmount.<anonymous closure> (package:flutter/src/widgets/framework.dart:2117)
#44     RootElement.visitChildren (package:flutter/src/widgets/binding.dart:2045)
#45     _InactiveElements._unmount (package:flutter/src/widgets/framework.dart:2115)
#46     _InactiveElements._unmount.<anonymous closure> (package:flutter/src/widgets/framework.dart:2117)
#47     RootElement.visitChildren (package:flutter/src/widgets/binding.dart:2045)
#48     _InactiveElements._unmount (package:flutter/src/widgets/framework.dart:2115)
#49     _InactiveElements._unmount.<anonymous closure> (package:flutter/src/widgets/framework.dart:2117)
#50     RootElement.visitChildren (package:flutter/src/widgets/binding.dart:2045)
#51     _InactiveElements._unmount (package:flutter/src/widgets/framework.dart:2115)
#52     _InactiveElements._unmount.<anonymous closure> (package:flutter/src/widgets/framework.dart:2117)
#53     RootElement.visitChildren (package:flutter/src/widgets/binding.dart:2045)
#54     _InactiveElements._unmount (package:flutter/src/widgets/framework.dart:2115)
#55     _InactiveElements._unmount.<anonymous closure> (package:flutter/src/widgets/framework.dart:2117)
#56     SingleChildRenderObjectElement.visitChildren (package:flutter/src/widgets/framework.dart:7114)
#57     _InactiveElements._unmount (package:flutter/src/widgets/framework.dart:2115)
#58     _InactiveElements._unmount.<anonymous closure> (package:flutter/src/widgets/framework.dart:2117)
#59     RootElement.visitChildren (package:flutter/src/widgets/binding.dart:2045)
#60     _InactiveElements._unmount (package:flutter/src/widgets/framework.dart:2115)
#61     _InactiveElements._unmount.<anonymous closure> (package:flutter/src/widgets/framework.dart:2117)
#62     RootElement.visitChildren (package:flutter/src/widgets/binding.dart:2045)
#63     _InactiveElements._unmount (package:flutter/src/widgets/framework.dart:2115)
#64     _InactiveElements._unmount.<anonymous closure> (package:flutter/src/widgets/framework.dart:2117)
#65     RootElement.visitChildren (package:flutter/src/widgets/binding.dart:2045)
#66     _InactiveElements._unmount (package:flutter/src/widgets/framework.dart:2115)
#67     _InactiveElements._unmount.<anonymous closure> (package:flutter/src/widgets/framework.dart:2117)
#68     RootElement.visitChildren (package:flutter/src/widgets/binding.dart:2045)
#69     _InactiveElements._unmount (package:flutter/src/widgets/framework.dart:2115)
#70     _InactiveElements._unmount.<anonymous closure> (package:flutter/src/widgets/framework.dart:2117)
#71     RootElement.visitChildren (package:flutter/src/widgets/binding.dart:2045)
#72     _InactiveElements._unmount (package:flutter/src/widgets/framework.dart:2115)
#73     _InactiveElements._unmount.<anonymous closure> (package:flutter/src/widgets/framework.dart:2117)
#74     SingleChildRenderObjectElement.visitChildren (package:flutter/src/widgets/framework.dart:7114)
#75     _InactiveElements._unmount (package:flutter/src/widgets/framework.dart:2115)
#76     _InactiveElements._unmount.<anonymous closure> (package:flutter/src/widgets/framework.dart:2117)
#77     RootElement.visitChildren (package:flutter/src/widgets/binding.dart:2045)
#78     _InactiveElements._unmount (package:flutter/src/widgets/framework.dart:2115)
#79     _InactiveElements._unmount.<anonymous closure> (package:flutter/src/widgets/framework.dart:2117)
#80     RootElement.visitChildren (package:flutter/src/widgets/binding.dart:2045)
#81     _InactiveElements._unmount (package:flutter/src/widgets/framework.dart:2115)
#82     _InactiveElements._unmount.<anonymous closure> (package:flutter/src/widgets/framework.dart:2117)
#83     RootElement.visitChildren (package:flutter/src/widgets/binding.dart:2045)
#84     _InactiveElements._unmount (package:flutter/src/widgets/framework.dart:2115)
#85     _InactiveElements._unmount.<anonymous closure> (package:flutter/src/widgets/framework.dart:2117)
#86     RootElement.visitChildren (package:flutter/src/widgets/binding.dart:2045)
#87     _InactiveElements._unmount (package:flutter/src/widgets/framework.dart:2115)
#88     _InactiveElements._unmount.<anonymous closure> (package:flutter/src/widgets/framework.dart:2117)
#89     RootElement.visitChildren (package:flutter/src/widgets/binding.dart:2045)
#90     _InactiveElements._unmount (package:flutter/src/widgets/framework.dart:2115)
#91     ListIterable.forEach (dart:_internal/iterable.dart:49)
#92     _InactiveElements._unmountAll (package:flutter/src/widgets/framework.dart:2128)
#93     BuildOwner.lockState (package:flutter/src/widgets/framework.dart:3033)
#94     BuildOwner.finalizeTree (package:flutter/src/widgets/framework.dart:3357)
#95     WidgetsBinding.drawFrame (package:flutter/src/widgets/binding.dart:1578)
#96     RendererBinding._handlePersistentFrameCallback (package:flutter/src/rendering/binding.dart:558)
#97     SchedulerBinding._invokeFrameCallback (package:flutter/src/scheduler/binding.dart:1430)
#98     SchedulerBinding.handleDrawFrame (package:flutter/src/scheduler/binding.dart:1345)
#99     SchedulerBinding._handleDrawFrame (package:flutter/src/scheduler/binding.dart:1198)
Another exception was thrown: Instance of 'DiagnosticsProperty<void>'
